// Jest Snapshot v1, https://goo.gl/fbAQLP

exports[`Application Integration matches the snapshot 1`] = `ShallowWrapper {}`;
