// Jest Snapshot v1, https://goo.gl/fbAQLP

exports[`<Error404 /> renders 1`] = `ShallowWrapper {}`;
